Archive member included to satisfy reference by file (symbol)

/opt/st/stm32cubeide_1.13.2/plugins/com.st.stm32cube.ide.mcu.externaltools.gnu-tools-for-stm32.11.3.rel1.linux64_1.1.1.202309131626/tools/bin/../lib/gcc/arm-none-eabi/11.3.1/../../../../arm-none-eabi/lib/thumb/v7e-m+fp/hard/libc_nano.a(libc_a-exit.o)
                              /opt/st/stm32cubeide_1.13.2/plugins/com.st.stm32cube.ide.mcu.externaltools.gnu-tools-for-stm32.11.3.rel1.linux64_1.1.1.202309131626/tools/bin/../lib/gcc/arm-none-eabi/11.3.1/../../../../arm-none-eabi/lib/thumb/v7e-m+fp/hard/crt0.o (exit)
/opt/st/stm32cubeide_1.13.2/plugins/com.st.stm32cube.ide.mcu.externaltools.gnu-tools-for-stm32.11.3.rel1.linux64_1.1.1.202309131626/tools/bin/../lib/gcc/arm-none-eabi/11.3.1/../../../../arm-none-eabi/lib/thumb/v7e-m+fp/hard/libc_nano.a(libc_a-findfp.o)
                              /opt/st/stm32cubeide_1.13.2/plugins/com.st.stm32cube.ide.mcu.externaltools.gnu-tools-for-stm32.11.3.rel1.linux64_1.1.1.202309131626/tools/bin/../lib/gcc/arm-none-eabi/11.3.1/../../../../arm-none-eabi/lib/thumb/v7e-m+fp/hard/libc_nano.a(libc_a-exit.o) (__stdio_exit_handler)
/opt/st/stm32cubeide_1.13.2/plugins/com.st.stm32cube.ide.mcu.externaltools.gnu-tools-for-stm32.11.3.rel1.linux64_1.1.1.202309131626/tools/bin/../lib/gcc/arm-none-eabi/11.3.1/../../../../arm-none-eabi/lib/thumb/v7e-m+fp/hard/libc_nano.a(libc_a-fwalk.o)
                              /opt/st/stm32cubeide_1.13.2/plugins/com.st.stm32cube.ide.mcu.externaltools.gnu-tools-for-stm32.11.3.rel1.linux64_1.1.1.202309131626/tools/bin/../lib/gcc/arm-none-eabi/11.3.1/../../../../arm-none-eabi/lib/thumb/v7e-m+fp/hard/libc_nano.a(libc_a-findfp.o) (_fwalk_sglue)
/opt/st/stm32cubeide_1.13.2/plugins/com.st.stm32cube.ide.mcu.externaltools.gnu-tools-for-stm32.11.3.rel1.linux64_1.1.1.202309131626/tools/bin/../lib/gcc/arm-none-eabi/11.3.1/../../../../arm-none-eabi/lib/thumb/v7e-m+fp/hard/libc_nano.a(libc_a-stdio.o)
                              /opt/st/stm32cubeide_1.13.2/plugins/com.st.stm32cube.ide.mcu.externaltools.gnu-tools-for-stm32.11.3.rel1.linux64_1.1.1.202309131626/tools/bin/../lib/gcc/arm-none-eabi/11.3.1/../../../../arm-none-eabi/lib/thumb/v7e-m+fp/hard/libc_nano.a(libc_a-findfp.o) (__sread)
/opt/st/stm32cubeide_1.13.2/plugins/com.st.stm32cube.ide.mcu.externaltools.gnu-tools-for-stm32.11.3.rel1.linux64_1.1.1.202309131626/tools/bin/../lib/gcc/arm-none-eabi/11.3.1/../../../../arm-none-eabi/lib/thumb/v7e-m+fp/hard/libc_nano.a(libc_a-memset.o)
                              /opt/st/stm32cubeide_1.13.2/plugins/com.st.stm32cube.ide.mcu.externaltools.gnu-tools-for-stm32.11.3.rel1.linux64_1.1.1.202309131626/tools/bin/../lib/gcc/arm-none-eabi/11.3.1/../../../../arm-none-eabi/lib/thumb/v7e-m+fp/hard/crt0.o (memset)
/opt/st/stm32cubeide_1.13.2/plugins/com.st.stm32cube.ide.mcu.externaltools.gnu-tools-for-stm32.11.3.rel1.linux64_1.1.1.202309131626/tools/bin/../lib/gcc/arm-none-eabi/11.3.1/../../../../arm-none-eabi/lib/thumb/v7e-m+fp/hard/libc_nano.a(libc_a-closer.o)
                              /opt/st/stm32cubeide_1.13.2/plugins/com.st.stm32cube.ide.mcu.externaltools.gnu-tools-for-stm32.11.3.rel1.linux64_1.1.1.202309131626/tools/bin/../lib/gcc/arm-none-eabi/11.3.1/../../../../arm-none-eabi/lib/thumb/v7e-m+fp/hard/libc_nano.a(libc_a-stdio.o) (_close_r)
/opt/st/stm32cubeide_1.13.2/plugins/com.st.stm32cube.ide.mcu.externaltools.gnu-tools-for-stm32.11.3.rel1.linux64_1.1.1.202309131626/tools/bin/../lib/gcc/arm-none-eabi/11.3.1/../../../../arm-none-eabi/lib/thumb/v7e-m+fp/hard/libc_nano.a(libc_a-reent.o)
                              /opt/st/stm32cubeide_1.13.2/plugins/com.st.stm32cube.ide.mcu.externaltools.gnu-tools-for-stm32.11.3.rel1.linux64_1.1.1.202309131626/tools/bin/../lib/gcc/arm-none-eabi/11.3.1/../../../../arm-none-eabi/lib/thumb/v7e-m+fp/hard/libc_nano.a(libc_a-closer.o) (errno)
/opt/st/stm32cubeide_1.13.2/plugins/com.st.stm32cube.ide.mcu.externaltools.gnu-tools-for-stm32.11.3.rel1.linux64_1.1.1.202309131626/tools/bin/../lib/gcc/arm-none-eabi/11.3.1/../../../../arm-none-eabi/lib/thumb/v7e-m+fp/hard/libc_nano.a(libc_a-impure.o)
                              /opt/st/stm32cubeide_1.13.2/plugins/com.st.stm32cube.ide.mcu.externaltools.gnu-tools-for-stm32.11.3.rel1.linux64_1.1.1.202309131626/tools/bin/../lib/gcc/arm-none-eabi/11.3.1/../../../../arm-none-eabi/lib/thumb/v7e-m+fp/hard/libc_nano.a(libc_a-reent.o) (_impure_ptr)
/opt/st/stm32cubeide_1.13.2/plugins/com.st.stm32cube.ide.mcu.externaltools.gnu-tools-for-stm32.11.3.rel1.linux64_1.1.1.202309131626/tools/bin/../lib/gcc/arm-none-eabi/11.3.1/../../../../arm-none-eabi/lib/thumb/v7e-m+fp/hard/libc_nano.a(libc_a-lseekr.o)
                              /opt/st/stm32cubeide_1.13.2/plugins/com.st.stm32cube.ide.mcu.externaltools.gnu-tools-for-stm32.11.3.rel1.linux64_1.1.1.202309131626/tools/bin/../lib/gcc/arm-none-eabi/11.3.1/../../../../arm-none-eabi/lib/thumb/v7e-m+fp/hard/libc_nano.a(libc_a-stdio.o) (_lseek_r)
[...]
Memory Configuration

Name             Origin             Length             Attributes
RAM              0x0000000020000000 0x0000000000010000 xrw
RAM2             0x0000000010000000 0x0000000000004000 xrw
FLASH            0x0000000008000000 0x0000000000040000 xr
*default*        0x0000000000000000 0xffffffffffffffff

Linker script and memory map

LOAD /opt/st/stm32cubeide_1.13.2/plugins/com.st.stm32cube.ide.mcu.externaltools.gnu-tools-for-stm32.11.3.rel1.linux64_1.1.1.202309131626/tools/bin/../lib/gcc/arm-none-eabi/11.3.1/thumb/v7e-m+fp/hard/crti.o
LOAD /opt/st/stm32cubeide_1.13.2/plugins/com.st.stm32cube.ide.mcu.externaltools.gnu-tools-for-stm32.11.3.rel1.linux64_1.1.1.202309131626/tools/bin/../lib/gcc/arm-none-eabi/11.3.1/thumb/v7e-m+fp/hard/crtbegin.o
LOAD /opt/st/stm32cubeide_1.13.2/plugins/com.st.stm32cube.ide.mcu.externaltools.gnu-tools-for-stm32.11.3.rel1.linux64_1.1.1.202309131626/tools/bin/../lib/gcc/arm-none-eabi/11.3.1/../../../../arm-none-eabi/lib/thumb/v7e-m+fp/hard/crt0.o
LOAD ./Core/Src/fatfs_sd.o
LOAD ./Core/Src/main.o
LOAD ./Core/Src/stm32l4xx_hal_msp.o
LOAD ./Core/Src/stm32l4xx_it.o
LOAD ./Core/Src/syscalls.o
LOAD ./Core/Src/sysmem.o
LOAD ./Core/Src/system_stm32l4xx.o
LOAD ./Core/Startup/startup_stm32l432kcux.o
LOAD ./Drivers/STM32L4xx_HAL_Driver/Src/stm32l4xx_hal.o
LOAD ./Drivers/STM32L4xx_HAL_Driver/Src/stm32l4xx_hal_cortex.o
LOAD ./Drivers/STM32L4xx_HAL_Driver/Src/stm32l4xx_hal_dma.o
LOAD ./Drivers/STM32L4xx_HAL_Driver/Src/stm32l4xx_hal_dma_ex.o
LOAD ./Drivers/STM32L4xx_HAL_Driver/Src/stm32l4xx_hal_exti.o
LOAD ./Drivers/STM32L4xx_HAL_Driver/Src/stm32l4xx_hal_flash.o
LOAD ./Drivers/STM32L4xx_HAL_Driver/Src/stm32l4xx_hal_flash_ex.o
LOAD ./Drivers/STM32L4xx_HAL_Driver/Src/stm32l4xx_hal_flash_ramfunc.o
LOAD ./Drivers/STM32L4xx_HAL_Driver/Src/stm32l4xx_hal_gpio.o
LOAD ./Drivers/STM32L4xx_HAL_Driver/Src/stm32l4xx_hal_pwr.o
LOAD ./Drivers/STM32L4xx_HAL_Driver/Src/stm32l4xx_hal_pwr_ex.o
LOAD ./Drivers/STM32L4xx_HAL_Driver/Src/stm32l4xx_hal_rcc.o
LOAD ./Drivers/STM32L4xx_HAL_Driver/Src/stm32l4xx_hal_rcc_ex.o
LOAD ./Drivers/STM32L4xx_HAL_Driver/Src/stm32l4xx_hal_spi.o
LOAD ./Drivers/STM32L4xx_HAL_Driver/Src/stm32l4xx_hal_spi_ex.o
LOAD ./Drivers/STM32L4xx_HAL_Driver/Src/stm32l4xx_hal_tim.o
LOAD ./Drivers/STM32L4xx_HAL_Driver/Src/stm32l4xx_hal_tim_ex.o
LOAD ./Drivers/STM32L4xx_HAL_Driver/Src/stm32l4xx_hal_uart.o
LOAD ./Drivers/STM32L4xx_HAL_Driver/Src/stm32l4xx_hal_uart_ex.o
LOAD ./FATFS/App/fatfs.o
LOAD ./FATFS/Target/user_diskio.o
LOAD ./Middlewares/Third_Party/FatFs/src/diskio.o
LOAD ./Middlewares/Third_Party/FatFs/src/ff.o
LOAD ./Middlewares/Third_Party/FatFs/src/ff_gen_drv.o
LOAD ./Middlewares/Third_Party/FatFs/src/option/ccsbcs.o
LOAD ./Middlewares/Third_Party/FatFs/src/option/syscall.o
START GROUP
LOAD /opt/st/stm32cubeide_1.13.2/plugins/com.st.stm32cube.ide.mcu.externaltools.gnu-tools-for-stm32.11.3.rel1.linux64_1.1.1.202309131626/tools/bin/../lib/gcc/arm-none-eabi/11.3.1/../../../../arm-none-eabi/lib/thumb/v7e-m+fp/hard/libc_nano.a
LOAD /opt/st/stm32cubeide_1.13.2/plugins/com.st.stm32cube.ide.mcu.externaltools.gnu-tools-for-stm32.11.3.rel1.linux64_1.1.1.202309131626/tools/bin/../lib/gcc/arm-none-eabi/11.3.1/../../../../arm-none-eabi/lib/thumb/v7e-m+fp/hard/libm.a
END GROUP
START GROUP
LOAD /opt/st/stm32cubeide_1.13.2/plugins/com.st.stm32cube.ide.mcu.externaltools.gnu-tools-for-stm32.11.3.rel1.linux64_1.1.1.202309131626/tools/bin/../lib/gcc/arm-none-eabi/11.3.1/thumb/v7e-m+fp/hard/libgcc.a
LOAD /opt/st/stm32cubeide_1.13.2/plugins/com.st.stm32cube.ide.mcu.externaltools.gnu-tools-for-stm32.11.3.rel1.linux64_1.1.1.202309131626/tools/bin/../lib/gcc/arm-none-eabi/11.3.1/../../../../arm-none-eabi/lib/thumb/v7e-m+fp/hard/libc_nano.a
END GROUP
START GROUP
LOAD /opt/st/stm32cubeide_1.13.2/plugins/com.st.stm32cube.ide.mcu.externaltools.gnu-tools-for-stm32.11.3.rel1.linux64_1.1.1.202309131626/tools/bin/../lib/gcc/arm-none-eabi/11.3.1/thumb/v7e-m+fp/hard/libgcc.a
LOAD /opt/st/stm32cubeide_1.13.2/plugins/com.st.stm32cube.ide.mcu.externaltools.gnu-tools-for-stm32.11.3.rel1.linux64_1.1.1.202309131626/tools/bin/../lib/gcc/arm-none-eabi/11.3.1/../../../../arm-none-eabi/lib/thumb/v7e-m+fp/hard/libc_nano.a
LOAD /opt/st/stm32cubeide_1.13.2/plugins/com.st.stm32cube.ide.mcu.externaltools.gnu-tools-for-stm32.11.3.rel1.linux64_1.1.1.202309131626/tools/bin/../lib/gcc/arm-none-eabi/11.3.1/../../../../arm-none-eabi/lib/thumb/v7e-m+fp/hard/libnosys.a
END GROUP
START GROUP
LOAD /opt/st/stm32cubeide_1.13.2/plugins/com.st.stm32cube.ide.mcu.externaltools.gnu-tools-for-stm32.11.3.rel1.linux64_1.1.1.202309131626/tools/bin/../lib/gcc/arm-none-eabi/11.3.1/thumb/v7e-m+fp/hard/libgcc.a
LOAD /opt/st/stm32cubeide_1.13.2/plugins/com.st.stm32cube.ide.mcu.externaltools.gnu-tools-for-stm32.11.3.rel1.linux64_1.1.1.202309131626/tools/bin/../lib/gcc/arm-none-eabi/11.3.1/../../../../arm-none-eabi/lib/thumb/v7e-m+fp/hard/libc_nano.a
LOAD /opt/st/stm32cubeide_1.13.2/plugins/com.st.stm32cube.ide.mcu.externaltools.gnu-tools-for-stm32.11.3.rel1.linux64_1.1.1.202309131626/tools/bin/../lib/gcc/arm-none-eabi/11.3.1/../../../../arm-none-eabi/lib/thumb/v7e-m+fp/hard/libnosys.a
END GROUP
LOAD /opt/st/stm32cubeide_1.13.2/plugins/com.st.stm32cube.ide.mcu.externaltools.gnu-tools-for-stm32.11.3.rel1.linux64_1.1.1.202309131626/tools/bin/../lib/gcc/arm-none-eabi/11.3.1/thumb/v7e-m+fp/hard/crtend.o
LOAD /opt/st/stm32cubeide_1.13.2/plugins/com.st.stm32cube.ide.mcu.externaltools.gnu-tools-for-stm32.11.3.rel1.linux64_1.1.1.202309131626/tools/bin/../lib/gcc/arm-none-eabi/11.3.1/thumb/v7e-m+fp/hard/crtn.o
                0x0000000020010000                _estack = (ORIGIN (RAM) + LENGTH (RAM))
                0x0000000000000200                _Min_Heap_Size = 0x200
                0x0000000000000400                _Min_Stack_Size = 0x400

.isr_vector     0x0000000008000000      0x18c
                0x0000000008000000                . = ALIGN (0x4)
 *(.isr_vector)
 .isr_vector    0x0000000008000000      0x18c ./Core/Startup/startup_stm32l432kcux.o
                0x0000000008000000                g_pfnVectors
                0x000000000800018c                . = ALIGN (0x4)

.text           0x000000000800018c     0x4d18
                0x000000000800018c                . = ALIGN (0x4)
 *(.text)
 .text          0x000000000800018c       0x40 /opt/st/stm32cubeide_1.13.2/plugins/com.st.stm32cube.ide.mcu.externaltools.gnu-tools-for-stm32.11.3.rel1.linux64_1.1.1.202309131626/tools/bin/../lib/gcc/arm-none-eabi/11.3.1/thumb/v7e-m+fp/hard/crtbegin.o
 .text          0x00000000080001cc       0x10 /opt/st/stm32cubeide_1.13.2/plugins/com.st.stm32cube.ide.mcu.externaltools.gnu-tools-for-stm32.11.3.rel1.linux64_1.1.1.202309131626/tools/bin/../lib/gcc/arm-none-eabi/11.3.1/../../../../arm-none-eabi/lib/thumb/v7e-m+fp/hard/libc_nano.a(libc_a-strlen.o)
                0x00000000080001cc                strlen
 .text          0x00000000080001dc       0x30 /opt/st/stm32cubeide_1.13.2/plugins/com.st.stm32cube.ide.mcu.externaltools.gnu-tools-for-stm32.11.3.rel1.linux64_1.1.1.202309131626/tools/bin/../lib/gcc/arm-none-eabi/11.3.1/thumb/v7e-m+fp/hard/libgcc.a(_aeabi_uldivmod.o)
                0x00000000080001dc                __aeabi_uldivmod
 .text          0x000000000800020c      0x2c8 /opt/st/stm32cubeide_1.13.2/plugins/com.st.stm32cube.ide.mcu.externaltools.gnu-tools-for-stm32.11.3.rel1.linux64_1.1.1.202309131626/tools/bin/../lib/gcc/arm-none-eabi/11.3.1/thumb/v7e-m+fp/hard/libgcc.a(_udivmoddi4.o)
                0x000000000800020c                __udivmoddi4
 .text          0x00000000080004d4        0x4 /opt/st/stm32cubeide_1.13.2/plugins/com.st.stm32cube.ide.mcu.externaltools.gnu-tools-for-stm32.11.3.rel1.linux64_1.1.1.202309131626/tools/bin/../lib/gcc/arm-none-eabi/11.3.1/thumb/v7e-m+fp/hard/libgcc.a(_dvmd_tls.o)
                0x00000000080004d4                __aeabi_ldiv0
                0x00000000080004d4                __aeabi_idiv0
 *(.text*)
 .text.SELECT   0x00000000080004d8       0x1a ./Core/Src/fatfs_sd.o
 .text.DESELECT
                0x00000000080004f2       0x1a ./Core/Src/fatfs_sd.o
 .text.SPI_TxByte
                0x000000000800050c       0x34 ./Core/Src/fatfs_sd.o
 .text.SPI_TxBuffer
                0x0000000008000540       0x34 ./Core/Src/fatfs_sd.o
 .text.SPI_RxByte
                0x0000000008000574       0x38 ./Core/Src/fatfs_sd.o
 .text.SPI_RxBytePtr
                0x00000000080005ac       0x1c ./Core/Src/fatfs_sd.o
 .text.SD_ReadyWait
                0x00000000080005c8       0x34 ./Core/Src/fatfs_sd.o
 .text.SD_PowerOn
                0x00000000080005fc       0x84 ./Core/Src/fatfs_sd.o
 .text.SD_PowerOff
                0x0000000008000680       0x18 ./Core/Src/fatfs_sd.o
 .text.SD_CheckPower
                0x0000000008000698       0x18 ./Core/Src/fatfs_sd.o
 .text.SD_RxDataBlock
                0x00000000080006b0       0x60 ./Core/Src/fatfs_sd.o
 .text.SD_TxDataBlock
                0x0000000008000710       0x86 ./Core/Src/fatfs_sd.o
 .text.SD_SendCmd
                0x0000000008000796       0xa8 ./Core/Src/fatfs_sd.o
 *fill*         0x000000000800083e        0x2 
 .text.SD_disk_initialize
                0x0000000008000840      0x1d8 ./Core/Src/fatfs_sd.o
                0x0000000008000840                SD_disk_initialize
 .text.SD_disk_status
                0x0000000008000a18       0x2c ./Core/Src/fatfs_sd.o
                0x0000000008000a18                SD_disk_status
 .text.SD_disk_read
                0x0000000008000a44       0xd4 ./Core/Src/fatfs_sd.o
                0x0000000008000a44                SD_disk_read
 .text.SD_disk_write
                0x0000000008000b18      0x108 ./Core/Src/fatfs_sd.o
                0x0000000008000b18                SD_disk_write
 .text.SD_disk_ioctl
                0x0000000008000c20      0x258 ./Core/Src/fatfs_sd.o
                0x0000000008000c20                SD_disk_ioctl
 .text.send_uart
                0x0000000008000e78       0x30 ./Core/Src/main.o
                0x0000000008000e78                send_uart
 .text.main     0x0000000008000ea8       0xd0 ./Core/Src/main.o
                0x0000000008000ea8                main
 .text.SystemClock_Config
                0x0000000008000f78       0xac ./Core/Src/main.o
                0x0000000008000f78                SystemClock_Config
 .text.MX_SPI1_Init
                0x0000000008001024       0x7c ./Core/Src/main.o
 .text.MX_USART2_UART_Init
                0x00000000080010a0       0x60 ./Core/Src/main.o
 .text.MX_GPIO_Init
                0x0000000008001100       0x7c ./Core/Src/main.o
 .text.Error_Handler
                0x000000000800117c        0xa ./Core/Src/main.o
                0x000000000800117c                Error_Handler
 *fill*         0x0000000008001186        0x2 
 .text.HAL_MspInit
                0x0000000008001188       0x48 ./Core/Src/stm32l4xx_hal_msp.o
                0x0000000008001188                HAL_MspInit
 .text.HAL_SPI_MspInit
                0x00000000080011d0       0x84 ./Core/Src/stm32l4xx_hal_msp.o
                0x00000000080011d0                HAL_SPI_MspInit
 .text.HAL_UART_MspInit
                0x0000000008001254       0xb0 ./Core/Src/stm32l4xx_hal_msp.o
                0x0000000008001254                HAL_UART_MspInit
 .text.SDTimer_Handler
                0x0000000008001304       0x48 ./Core/Src/stm32l4xx_it.o
                0x0000000008001304                SDTimer_Handler
 .text.NMI_Handler
                0x000000000800134c        0x6 ./Core/Src/stm32l4xx_it.o
                0x000000000800134c                NMI_Handler
 .text.HardFault_Handler
                0x0000000008001352        0x6 ./Core/Src/stm32l4xx_it.o
                0x0000000008001352                HardFault_Handler
 .text.MemManage_Handler
                0x0000000008001358        0x6 ./Core/Src/stm32l4xx_it.o
                0x0000000008001358                MemManage_Handler
 .text.BusFault_Handler
                0x000000000800135e        0x6 ./Core/Src/stm32l4xx_it.o
                0x000000000800135e                BusFault_Handler
 .text.UsageFault_Handler
                0x0000000008001364        0x6 ./Core/Src/stm32l4xx_it.o
                0x0000000008001364                UsageFault_Handler
 .text.SVC_Handler
                0x000000000800136a        0xe ./Core/Src/stm32l4xx_it.o
                0x000000000800136a                SVC_Handler
 .text.DebugMon_Handler
                0x0000000008001378        0xe ./Core/Src/stm32l4xx_it.o
                0x0000000008001378                DebugMon_Handler
 .text.PendSV_Handler
                0x0000000008001386        0xe ./Core/Src/stm32l4xx_it.o
                0x0000000008001386                PendSV_Handler
 .text.SysTick_Handler
                0x0000000008001394       0x34 ./Core/Src/stm32l4xx_it.o
                0x0000000008001394                SysTick_Handler
 .text.SystemInit
                0x00000000080013c8       0x24 ./Core/Src/system_stm32l4xx.o
                0x00000000080013c8                SystemInit
 .text.Reset_Handler
                0x00000000080013ec       0x50 ./Core/Startup/startup_stm32l432kcux.o
                0x00000000080013ec                Reset_Handler
 .text.Default_Handler
                0x000000000800143c        0x2 ./Core/Startup/startup_stm32l432kcux.o
                0x000000000800143c                RTC_Alarm_IRQHandler
                0x000000000800143c                EXTI2_IRQHandler
                0x000000000800143c                TIM1_CC_IRQHandler
                0x000000000800143c                TSC_IRQHandler
                0x000000000800143c                TAMP_STAMP_IRQHandler
                0x000000000800143c                EXTI3_IRQHandler
                0x000000000800143c                LPTIM2_IRQHandler
                0x000000000800143c                I2C3_ER_IRQHandler
                0x000000000800143c                EXTI0_IRQHandler
                0x000000000800143c                CAN1_RX0_IRQHandler
                0x000000000800143c                FPU_IRQHandler
                0x000000000800143c                TIM1_UP_TIM16_IRQHandler
                0x000000000800143c                SPI1_IRQHandler
                0x000000000800143c                TIM6_DAC_IRQHandler
                0x000000000800143c                DMA2_Channel2_IRQHandler
                0x000000000800143c                DMA1_Channel4_IRQHandler
                0x000000000800143c                ADC1_IRQHandler
                0x000000000800143c                DMA1_Channel7_IRQHandler
                0x000000000800143c                CAN1_RX1_IRQHandler
                0x000000000800143c                DMA2_Channel1_IRQHandler
                0x000000000800143c                QUADSPI_IRQHandler
                0x000000000800143c                I2C1_EV_IRQHandler
                0x000000000800143c                DMA1_Channel6_IRQHandler
                0x000000000800143c                DMA2_Channel4_IRQHandler
                0x000000000800143c                RCC_IRQHandler
                0x000000000800143c                TIM1_TRG_COM_IRQHandler
                0x000000000800143c                DMA1_Channel1_IRQHandler
                0x000000000800143c                Default_Handler
                0x000000000800143c                DMA2_Channel7_IRQHandler
                0x000000000800143c                EXTI15_10_IRQHandler
                0x000000000800143c                TIM7_IRQHandler
                0x000000000800143c                I2C3_EV_IRQHandler
                0x000000000800143c                USB_IRQHandler
                0x000000000800143c                EXTI9_5_IRQHandler
                0x000000000800143c                RTC_WKUP_IRQHandler
                0x000000000800143c                PVD_PVM_IRQHandler
                0x000000000800143c                CAN1_TX_IRQHandler
                0x000000000800143c                DMA2_Channel5_IRQHandler
                0x000000000800143c                CRS_IRQHandler
                0x000000000800143c                DMA1_Channel5_IRQHandler
                0x000000000800143c                EXTI4_IRQHandler
                0x000000000800143c                RNG_IRQHandler
                0x000000000800143c                DMA1_Channel3_IRQHandler
                0x000000000800143c                COMP_IRQHandler
                0x000000000800143c                WWDG_IRQHandler
                0x000000000800143c                LPUART1_IRQHandler
                0x000000000800143c                DMA2_Channel6_IRQHandler
                0x000000000800143c                TIM2_IRQHandler
                0x000000000800143c                EXTI1_IRQHandler
                0x000000000800143c                USART2_IRQHandler
                0x000000000800143c                DMA1_Channel2_IRQHandler
                0x000000000800143c                CAN1_SCE_IRQHandler
                0x000000000800143c                FLASH_IRQHandler
                0x000000000800143c                USART1_IRQHandler
                0x000000000800143c                SPI3_IRQHandler
                0x000000000800143c                I2C1_ER_IRQHandler
                0x000000000800143c                SWPMI1_IRQHandler
                0x000000000800143c                LPTIM1_IRQHandler
                0x000000000800143c                SAI1_IRQHandler
                0x000000000800143c                DMA2_Channel3_IRQHandler
                0x000000000800143c                TIM1_BRK_TIM15_IRQHandler
 .text.HAL_Init
                0x000000000800143e       0x30 ./Drivers/STM32L4xx_HAL_Driver/Src/stm32l4xx_hal.o
                0x000000000800143e                HAL_Init
 *fill*         0x000000000800146e        0x2 
 .text.HAL_InitTick
                0x0000000008001470       0x78 ./Drivers/STM32L4xx_HAL_Driver/Src/stm32l4xx_hal.o
                0x0000000008001470                HAL_InitTick
 .text.HAL_IncTick
                0x00000000080014e8       0x28 ./Drivers/STM32L4xx_HAL_Driver/Src/stm32l4xx_hal.o
                0x00000000080014e8                HAL_IncTick
 .text.HAL_GetTick
                0x0000000008001510       0x18 ./Drivers/STM32L4xx_HAL_Driver/Src/stm32l4xx_hal.o
                0x0000000008001510                HAL_GetTick
 .text.HAL_Delay
                0x0000000008001528       0x48 ./Drivers/STM32L4xx_HAL_Driver/Src/stm32l4xx_hal.o
                0x0000000008001528                HAL_Delay
 .text.__NVIC_SetPriorityGrouping
                0x0000000008001570       0x48 ./Drivers/STM32L4xx_HAL_Driver/Src/stm32l4xx_hal_cortex.o
 .text.__NVIC_GetPriorityGrouping
                0x00000000080015b8       0x1c ./Drivers/STM32L4xx_HAL_Driver/Src/stm32l4xx_hal_cortex.o
 .text.__NVIC_SetPriority
                0x00000000080015d4       0x54 ./Drivers/STM32L4xx_HAL_Driver/Src/stm32l4xx_hal_cortex.o
 .text.NVIC_EncodePriority
                0x0000000008001628       0x66 ./Drivers/STM32L4xx_HAL_Driver/Src/stm32l4xx_hal_cortex.o
 *fill*         0x000000000800168e        0x2 
 .text.SysTick_Config
                0x0000000008001690       0x44 ./Drivers/STM32L4xx_HAL_Driver/Src/stm32l4xx_hal_cortex.o
 .text.HAL_NVIC_SetPriorityGrouping
                0x00000000080016d4       0x16 ./Drivers/STM32L4xx_HAL_Driver/Src/stm32l4xx_hal_cortex.o
                0x00000000080016d4                HAL_NVIC_SetPriorityGrouping
 .text.HAL_NVIC_SetPriority
                0x00000000080016ea       0x38 ./Drivers/STM32L4xx_HAL_Driver/Src/stm32l4xx_hal_cortex.o
                0x00000000080016ea                HAL_NVIC_SetPriority
 .text.HAL_SYSTICK_Config
                0x0000000008001722       0x18 ./Drivers/STM32L4xx_HAL_Driver/Src/stm32l4xx_hal_cortex.o
                0x0000000008001722                HAL_SYSTICK_Config
 *fill*         0x000000000800173a        0x2 
 .text.HAL_GPIO_Init
                0x000000000800173c      0x2d4 ./Drivers/STM32L4xx_HAL_Driver/Src/stm32l4xx_hal_gpio.o
                0x000000000800173c                HAL_GPIO_Init
 .text.HAL_GPIO_WritePin
                0x0000000008001a10       0x30 ./Drivers/STM32L4xx_HAL_Driver/Src/stm32l4xx_hal_gpio.o
                0x0000000008001a10                HAL_GPIO_WritePin
 .text.HAL_PWR_EnableBkUpAccess
                0x0000000008001a40       0x20 ./Drivers/STM32L4xx_HAL_Driver/Src/stm32l4xx_hal_pwr.o
                0x0000000008001a40                HAL_PWR_EnableBkUpAccess
 .text.HAL_PWREx_GetVoltageRange
                0x0000000008001a60       0x1c ./Drivers/STM32L4xx_HAL_Driver/Src/stm32l4xx_hal_pwr_ex.o
                0x0000000008001a60                HAL_PWREx_GetVoltageRange
 .text.HAL_PWREx_ControlVoltageScaling
                0x0000000008001a7c       0xac ./Drivers/STM32L4xx_HAL_Driver/Src/stm32l4xx_hal_pwr_ex.o
                0x0000000008001a7c                HAL_PWREx_ControlVoltageScaling
 .text.HAL_RCC_OscConfig
                0x0000000008001b28      0x828 ./Drivers/STM32L4xx_HAL_Driver/Src/stm32l4xx_hal_rcc.o
                0x0000000008001b28                HAL_RCC_OscConfig
 .text.HAL_RCC_ClockConfig
                0x0000000008002350      0x200 ./Drivers/STM32L4xx_HAL_Driver/Src/stm32l4xx_hal_rcc.o
                0x0000000008002350                HAL_RCC_ClockConfig
 .text.HAL_RCC_GetSysClockFreq
                0x0000000008002550      0x118 ./Drivers/STM32L4xx_HAL_Driver/Src/stm32l4xx_hal_rcc.o
                0x0000000008002550                HAL_RCC_GetSysClockFreq
 .text.HAL_RCC_GetHCLKFreq
                0x0000000008002668       0x18 ./Drivers/STM32L4xx_HAL_Driver/Src/stm32l4xx_hal_rcc.o
                0x0000000008002668                HAL_RCC_GetHCLKFreq
 .text.HAL_RCC_GetPCLK1Freq
                0x0000000008002680       0x2c ./Drivers/STM32L4xx_HAL_Driver/Src/stm32l4xx_hal_rcc.o
                0x0000000008002680                HAL_RCC_GetPCLK1Freq
 .text.HAL_RCC_GetPCLK2Freq
                0x00000000080026ac       0x2c ./Drivers/STM32L4xx_HAL_Driver/Src/stm32l4xx_hal_rcc.o
                0x00000000080026ac                HAL_RCC_GetPCLK2Freq
 .text.RCC_SetFlashLatencyFromMSIRange
                0x00000000080026d8       0xc0 ./Drivers/STM32L4xx_HAL_Driver/Src/stm32l4xx_hal_rcc.o
 .text.HAL_RCCEx_PeriphCLKConfig
                0x0000000008002798      0x3ec ./Drivers/STM32L4xx_HAL_Driver/Src/stm32l4xx_hal_rcc_ex.o
                0x0000000008002798                HAL_RCCEx_PeriphCLKConfig
 .text.HAL_RCCEx_EnableMSIPLLMode
                0x0000000008002b84       0x20 ./Drivers/STM32L4xx_HAL_Driver/Src/stm32l4xx_hal_rcc_ex.o
                0x0000000008002b84                HAL_RCCEx_EnableMSIPLLMode
 .text.RCCEx_PLLSAI1_Config
                0x0000000008002ba4      0x1e4 ./Drivers/STM32L4xx_HAL_Driver/Src/stm32l4xx_hal_rcc_ex.o
 .text.HAL_SPI_Init
                0x0000000008002d88      0x146 ./Drivers/STM32L4xx_HAL_Driver/Src/stm32l4xx_hal_spi.o
                0x0000000008002d88                HAL_SPI_Init
 .text.HAL_SPI_Transmit
                0x0000000008002ece      0x2ea ./Drivers/STM32L4xx_HAL_Driver/Src/stm32l4xx_hal_spi.o
                0x0000000008002ece                HAL_SPI_Transmit
 .text.HAL_SPI_TransmitReceive
                0x00000000080031b8      0x444 ./Drivers/STM32L4xx_HAL_Driver/Src/stm32l4xx_hal_spi.o
                0x00000000080031b8                HAL_SPI_TransmitReceive
 .text.SPI_WaitFlagStateUntilTimeout
                0x00000000080035fc      0x110 ./Drivers/STM32L4xx_HAL_Driver/Src/stm32l4xx_hal_spi.o
 .text.SPI_WaitFifoStateUntilTimeout
                0x000000000800370c      0x12c ./Drivers/STM32L4xx_HAL_Driver/Src/stm32l4xx_hal_spi.o
 .text.SPI_EndRxTxTransaction
                0x0000000008003838       0x8c ./Drivers/STM32L4xx_HAL_Driver/Src/stm32l4xx_hal_spi.o
 .text.HAL_UART_Init
                0x00000000080038c4       0x9c ./Drivers/STM32L4xx_HAL_Driver/Src/stm32l4xx_hal_uart.o
                0x00000000080038c4                HAL_UART_Init
 .text.HAL_UART_Transmit
                0x0000000008003960      0x114 ./Drivers/STM32L4xx_HAL_Driver/Src/stm32l4xx_hal_uart.o
                0x0000000008003960                HAL_UART_Transmit
 .text.UART_SetConfig
                0x0000000008003a74      0x458 ./Drivers/STM32L4xx_HAL_Driver/Src/stm32l4xx_hal_uart.o
                0x0000000008003a74                UART_SetConfig
 .text.UART_AdvFeatureConfig
                0x0000000008003ecc      0x144 ./Drivers/STM32L4xx_HAL_Driver/Src/stm32l4xx_hal_uart.o
                0x0000000008003ecc                UART_AdvFeatureConfig
 .text.UART_CheckIdleState
                0x0000000008004010      0x150 ./Drivers/STM32L4xx_HAL_Driver/Src/stm32l4xx_hal_uart.o
                0x0000000008004010                UART_CheckIdleState
 .text.UART_WaitOnFlagUntilTimeout
                0x0000000008004160       0xce ./Drivers/STM32L4xx_HAL_Driver/Src/stm32l4xx_hal_uart.o
                0x0000000008004160                UART_WaitOnFlagUntilTimeout
 .text.UART_EndRxTransfer
                0x000000000800422e       0xc8 ./Drivers/STM32L4xx_HAL_Driver/Src/stm32l4xx_hal_uart.o
 *fill*         0x00000000080042f6        0x2 
 .text.MX_FATFS_Init
                0x00000000080042f8       0x24 ./FATFS/App/fatfs.o
                0x00000000080042f8                MX_FATFS_Init
 .text.USER_initialize
                0x000000000800431c       0x1e ./FATFS/Target/user_diskio.o
                0x000000000800431c                USER_initialize
 .text.USER_status
                0x000000000800433a       0x1e ./FATFS/Target/user_diskio.o
                0x000000000800433a                USER_status
 .text.USER_read
                0x0000000008004358       0x28 ./FATFS/Target/user_diskio.o
                0x0000000008004358                USER_read
 .text.USER_write
                0x0000000008004380       0x28 ./FATFS/Target/user_diskio.o
                0x0000000008004380                USER_write
 .text.USER_ioctl
                0x00000000080043a8       0x28 ./FATFS/Target/user_diskio.o
                0x00000000080043a8                USER_ioctl
 .text.disk_status
                0x00000000080043d0       0x34 ./Middlewares/Third_Party/FatFs/src/diskio.o
                0x00000000080043d0                disk_status
 .text.disk_initialize
                0x0000000008004404       0x4c ./Middlewares/Third_Party/FatFs/src/diskio.o
                0x0000000008004404                disk_initialize
 .text.disk_read
                0x0000000008004450       0x40 ./Middlewares/Third_Party/FatFs/src/diskio.o
                0x0000000008004450                disk_read
 .text.disk_write
                0x0000000008004490       0x40 ./Middlewares/Third_Party/FatFs/src/diskio.o
                0x0000000008004490                disk_write
 .text.disk_ioctl
                0x00000000080044d0       0x3c ./Middlewares/Third_Party/FatFs/src/diskio.o
                0x00000000080044d0                disk_ioctl
 .text.ld_word  0x000000000800450c       0x30 ./Middlewares/Third_Party/FatFs/src/ff.o
 .text.ld_dword
                0x000000000800453c       0x46 ./Middlewares/Third_Party/FatFs/src/ff.o
 *fill*         0x0000000008004582        0x2 
 .text.clear_lock
                0x0000000008004584       0x48 ./Middlewares/Third_Party/FatFs/src/ff.o
 .text.sync_window
                0x00000000080045cc       0x88 ./Middlewares/Third_Party/FatFs/src/ff.o
 .text.move_window
                0x0000000008004654       0x5a ./Middlewares/Third_Party/FatFs/src/ff.o
 .text.get_ldnumber
                0x00000000080046ae       0x88 ./Middlewares/Third_Party/FatFs/src/ff.o
 *fill*         0x0000000008004736        0x2 
 .text.check_fs
                0x0000000008004738       0xac ./Middlewares/Third_Party/FatFs/src/ff.o
 .text.find_volume
                0x00000000080047e4      0x50c ./Middlewares/Third_Party/FatFs/src/ff.o
 .text.f_mount  0x0000000008004cf0       0x8c ./Middlewares/Third_Party/FatFs/src/ff.o
                0x0000000008004cf0                f_mount
 .text.FATFS_LinkDriverEx
                0x0000000008004d7c       0x98 ./Middlewares/Third_Party/FatFs/src/ff_gen_drv.o
                0x0000000008004d7c                FATFS_LinkDriverEx
 .text.FATFS_LinkDriver
                0x0000000008004e14       0x1e ./Middlewares/Third_Party/FatFs/src/ff_gen_drv.o
                0x0000000008004e14                FATFS_LinkDriver
 .text.memset   0x0000000008004e32       0x10 /opt/st/stm32cubeide_1.13.2/plugins/com.st.stm32cube.ide.mcu.externaltools.gnu-tools-for-stm32.11.3.rel1.linux64_1.1.1.202309131626/tools/bin/../lib/gcc/arm-none-eabi/11.3.1/../../../../arm-none-eabi/lib/thumb/v7e-m+fp/hard/libc_nano.a(libc_a-memset.o)
                0x0000000008004e32                memset
 *fill*         0x0000000008004e42        0x2 
 .text.__libc_init_array
                0x0000000008004e44       0x48 /opt/st/stm32cubeide_1.13.2/plugins/com.st.stm32cube.ide.mcu.externaltools.gnu-tools-for-stm32.11.3.rel1.linux64_1.1.1.202309131626/tools/bin/../lib/gcc/arm-none-eabi/11.3.1/../../../../arm-none-eabi/lib/thumb/v7e-m+fp/hard/libc_nano.a(libc_a-init.o)
                0x0000000008004e44                __libc_init_array
 *(.glue_7)
 .glue_7        0x0000000008004e8c        0x0 linker stubs
 *(.glue_7t)
 .glue_7t       0x0000000008004e8c        0x0 linker stubs
 *(.eh_frame)
 .eh_frame      0x0000000008004e8c        0x0 /opt/st/stm32cubeide_1.13.2/plugins/com.st.stm32cube.ide.mcu.externaltools.gnu-tools-for-stm32.11.3.rel1.linux64_1.1.1.202309131626/tools/bin/../lib/gcc/arm-none-eabi/11.3.1/thumb/v7e-m+fp/hard/crtbegin.o
 *(.init)
 .init          0x0000000008004e8c        0x4 /opt/st/stm32cubeide_1.13.2/plugins/com.st.stm32cube.ide.mcu.externaltools.gnu-tools-for-stm32.11.3.rel1.linux64_1.1.1.202309131626/tools/bin/../lib/gcc/arm-none-eabi/11.3.1/thumb/v7e-m+fp/hard/crti.o
                0x0000000008004e8c                _init
 .init          0x0000000008004e90        0x8 /opt/st/stm32cubeide_1.13.2/plugins/com.st.stm32cube.ide.mcu.externaltools.gnu-tools-for-stm32.11.3.rel1.linux64_1.1.1.202309131626/tools/bin/../lib/gcc/arm-none-eabi/11.3.1/thumb/v7e-m+fp/hard/crtn.o
 *(.fini)
 .fini          0x0000000008004e98        0x4 /opt/st/stm32cubeide_1.13.2/plugins/com.st.stm32cube.ide.mcu.externaltools.gnu-tools-for-stm32.11.3.rel1.linux64_1.1.1.202309131626/tools/bin/../lib/gcc/arm-none-eabi/11.3.1/thumb/v7e-m+fp/hard/crti.o
                0x0000000008004e98                _fini
 .fini          0x0000000008004e9c        0x8 /opt/st/stm32cubeide_1.13.2/plugins/com.st.stm32cube.ide.mcu.externaltools.gnu-tools-for-stm32.11.3.rel1.linux64_1.1.1.202309131626/tools/bin/../lib/gcc/arm-none-eabi/11.3.1/thumb/v7e-m+fp/hard/crtn.o
                0x0000000008004ea4                . = ALIGN (0x4)
                0x0000000008004ea4                _etext = .

.vfp11_veneer   0x0000000008004ea4        0x0
 .vfp11_veneer  0x0000000008004ea4        0x0 linker stubs

.v4_bx          0x0000000008004ea4        0x0
 .v4_bx         0x0000000008004ea4        0x0 linker stubs

.iplt           0x0000000008004ea4        0x0
 .iplt          0x0000000008004ea4        0x0 /opt/st/stm32cubeide_1.13.2/plugins/com.st.stm32cube.ide.mcu.externaltools.gnu-tools-for-stm32.11.3.rel1.linux64_1.1.1.202309131626/tools/bin/../lib/gcc/arm-none-eabi/11.3.1/thumb/v7e-m+fp/hard/crtbegin.o

.rodata         0x0000000008004ea4      0x100
                0x0000000008004ea4                . = ALIGN (0x4)
 *(.rodata)
 .rodata        0x0000000008004ea4       0xb5 ./Core/Src/main.o
 *(.rodata*)
 *fill*         0x0000000008004f59        0x3 
 .rodata.AHBPrescTable
                0x0000000008004f5c       0x10 ./Core/Src/system_stm32l4xx.o
                0x0000000008004f5c                AHBPrescTable
 .rodata.APBPrescTable
                0x0000000008004f6c        0x8 ./Core/Src/system_stm32l4xx.o
                0x0000000008004f6c                APBPrescTable
 .rodata.MSIRangeTable
                0x0000000008004f74       0x30 ./Core/Src/system_stm32l4xx.o
                0x0000000008004f74                MSIRangeTable
                0x0000000008004fa4                . = ALIGN (0x4)

.ARM.extab      0x0000000008004fa4        0x0
                0x0000000008004fa4                . = ALIGN (0x4)
 *(.ARM.extab* .gnu.linkonce.armextab.*)
                0x0000000008004fa4                . = ALIGN (0x4)

.ARM            0x0000000008004fa4        0x8
                0x0000000008004fa4                . = ALIGN (0x4)
                0x0000000008004fa4                __exidx_start = .
 *(.ARM.exidx*)
 .ARM.exidx     0x0000000008004fa4        0x8 /opt/st/stm32cubeide_1.13.2/plugins/com.st.stm32cube.ide.mcu.externaltools.gnu-tools-for-stm32.11.3.rel1.linux64_1.1.1.202309131626/tools/bin/../lib/gcc/arm-none-eabi/11.3.1/thumb/v7e-m+fp/hard/libgcc.a(_udivmoddi4.o)
                0x0000000008004fac                __exidx_end = .
                0x0000000008004fac                . = ALIGN (0x4)

.rel.dyn        0x0000000008004fac        0x0
 .rel.iplt      0x0000000008004fac        0x0 /opt/st/stm32cubeide_1.13.2/plugins/com.st.stm32cube.ide.mcu.externaltools.gnu-tools-for-stm32.11.3.rel1.linux64_1.1.1.202309131626/tools/bin/../lib/gcc/arm-none-eabi/11.3.1/thumb/v7e-m+fp/hard/crtbegin.o

.preinit_array  0x0000000008004fac        0x0
                0x0000000008004fac                . = ALIGN (0x4)
                0x0000000008004fac                PROVIDE (__preinit_array_start = .)
 *(.preinit_array*)
                0x0000000008004fac                PROVIDE (__preinit_array_end = .)
                0x0000000008004fac                . = ALIGN (0x4)

.init_array     0x0000000008004fac        0x4
                0x0000000008004fac                . = ALIGN (0x4)
                0x0000000008004fac                PROVIDE (__init_array_start = .)
 *(SORT_BY_NAME(.init_array.*))
 *(.init_array*)
 .init_array    0x0000000008004fac        0x4 /opt/st/stm32cubeide_1.13.2/plugins/com.st.stm32cube.ide.mcu.externaltools.gnu-tools-for-stm32.11.3.rel1.linux64_1.1.1.202309131626/tools/bin/../lib/gcc/arm-none-eabi/11.3.1/thumb/v7e-m+fp/hard/crtbegin.o
                0x0000000008004fb0                PROVIDE (__init_array_end = .)
                0x0000000008004fb0                . = ALIGN (0x4)

.fini_array     0x0000000008004fb0        0x4
                0x0000000008004fb0                . = ALIGN (0x4)
                [!provide]                        PROVIDE (__fini_array_start = .)
 *(SORT_BY_NAME(.fini_array.*))
 *(.fini_array*)
 .fini_array    0x0000000008004fb0        0x4 /opt/st/stm32cubeide_1.13.2/plugins/com.st.stm32cube.ide.mcu.externaltools.gnu-tools-for-stm32.11.3.rel1.linux64_1.1.1.202309131626/tools/bin/../lib/gcc/arm-none-eabi/11.3.1/thumb/v7e-m+fp/hard/crtbegin.o
                [!provide]                        PROVIDE (__fini_array_end = .)
                0x0000000008004fb4                . = ALIGN (0x4)
                0x0000000008004fb4                _sidata = LOADADDR (.data)

.data           0x0000000020000000       0x24 load address 0x0000000008004fb4
                0x0000000020000000                . = ALIGN (0x4)
                0x0000000020000000                _sdata = .
 *(.data)
 *(.data*)
 .data.Stat     0x0000000020000000        0x1 ./Core/Src/fatfs_sd.o
 *fill*         0x0000000020000001        0x3 
 .data.SystemCoreClock
                0x0000000020000004        0x4 ./Core/Src/system_stm32l4xx.o
                0x0000000020000004                SystemCoreClock
 .data.uwTickPrio
                0x0000000020000008        0x4 ./Drivers/STM32L4xx_HAL_Driver/Src/stm32l4xx_hal.o
                0x0000000020000008                uwTickPrio
 .data.uwTickFreq
                0x000000002000000c        0x1 ./Drivers/STM32L4xx_HAL_Driver/Src/stm32l4xx_hal.o
                0x000000002000000c                uwTickFreq
 *fill*         0x000000002000000d        0x3 
 .data.USER_Driver
                0x0000000020000010       0x14 ./FATFS/Target/user_diskio.o
                0x0000000020000010                USER_Driver
 *(.RamFunc)
 *(.RamFunc*)
                0x0000000020000024                . = ALIGN (0x4)
                0x0000000020000024                _edata = .

.igot.plt       0x0000000020000024        0x0 load address 0x0000000008004fd8
 .igot.plt      0x0000000020000024        0x0 /opt/st/stm32cubeide_1.13.2/plugins/com.st.stm32cube.ide.mcu.externaltools.gnu-tools-for-stm32.11.3.rel1.linux64_1.1.1.202309131626/tools/bin/../lib/gcc/arm-none-eabi/11.3.1/thumb/v7e-m+fp/hard/crtbegin.o
                0x0000000020000024                . = ALIGN (0x4)

.bss            0x0000000020000024     0x1388 load address 0x0000000008004fd8
                0x0000000020000024                _sbss = .
                0x0000000020000024                __bss_start__ = _sbss
 *(.bss)
 .bss           0x0000000020000024       0x1c /opt/st/stm32cubeide_1.13.2/plugins/com.st.stm32cube.ide.mcu.externaltools.gnu-tools-for-stm32.11.3.rel1.linux64_1.1.1.202309131626/tools/bin/../lib/gcc/arm-none-eabi/11.3.1/thumb/v7e-m+fp/hard/crtbegin.o
 *(.bss*)
 .bss.CardType  0x0000000020000040        0x1 ./Core/Src/fatfs_sd.o
 .bss.PowerFlag
                0x0000000020000041        0x1 ./Core/Src/fatfs_sd.o
 *fill*         0x0000000020000042        0x2 
 .bss.hspi1     0x0000000020000044       0x64 ./Core/Src/main.o
                0x0000000020000044                hspi1
 .bss.huart2    0x00000000200000a8       0x88 ./Core/Src/main.o
                0x00000000200000a8                huart2
 .bss.fs        0x0000000020000130     0x1038 ./Core/Src/main.o
                0x0000000020000130                fs
 .bss.fresult   0x0000000020001168        0x1 ./Core/Src/main.o
                0x0000000020001168                fresult
 .bss.FatFsCnt  0x0000000020001169        0x1 ./Core/Src/stm32l4xx_it.o
                0x0000000020001169                FatFsCnt
 .bss.Timer1    0x000000002000116a        0x1 ./Core/Src/stm32l4xx_it.o
                0x000000002000116a                Timer1
 .bss.Timer2    0x000000002000116b        0x1 ./Core/Src/stm32l4xx_it.o
                0x000000002000116b                Timer2
 .bss.uwTick    0x000000002000116c        0x4 ./Drivers/STM32L4xx_HAL_Driver/Src/stm32l4xx_hal.o
                0x000000002000116c                uwTick
 .bss.retUSER   0x0000000020001170        0x1 ./FATFS/App/fatfs.o
                0x0000000020001170                retUSER
 *fill*         0x0000000020001171        0x3 
 .bss.USERPath  0x0000000020001174        0x4 ./FATFS/App/fatfs.o
                0x0000000020001174                USERPath
 .bss.FatFs     0x0000000020001178        0x4 ./Middlewares/Third_Party/FatFs/src/ff.o
 .bss.Fsid      0x000000002000117c        0x2 ./Middlewares/Third_Party/FatFs/src/ff.o
 *fill*         0x000000002000117e        0x2 
 .bss.Files     0x0000000020001180       0x20 ./Middlewares/Third_Party/FatFs/src/ff.o
 .bss.LfnBuf    0x00000000200011a0      0x200 ./Middlewares/Third_Party/FatFs/src/ff.o
 .bss.disk      0x00000000200013a0        0xc ./Middlewares/Third_Party/FatFs/src/ff_gen_drv.o
                0x00000000200013a0                disk
 *(COMMON)
                0x00000000200013ac                . = ALIGN (0x4)
                0x00000000200013ac                _ebss = .
                0x00000000200013ac                __bss_end__ = _ebss

._user_heap_stack
                0x00000000200013ac      0x604 load address 0x0000000008004fd8
                0x00000000200013b0                . = ALIGN (0x8)
 *fill*         0x00000000200013ac        0x4 
                [!provide]                        PROVIDE (end = .)
                0x00000000200013b0                PROVIDE (_end = .)
                0x00000000200015b0                . = (. + _Min_Heap_Size)
 *fill*         0x00000000200013b0      0x200 
                0x00000000200019b0                . = (. + _Min_Stack_Size)
 *fill*         0x00000000200015b0      0x400 
                0x00000000200019b0                . = ALIGN (0x8)

/DISCARD/
 libc.a(*)
 libm.a(*)
 libgcc.a(*)

.ARM.attributes
                0x0000000000000000       0x30
 *(.ARM.attributes)
 .ARM.attributes
                0x0000000000000000       0x1e /opt/st/stm32cubeide_1.13.2/plugins/com.st.stm32cube.ide.mcu.externaltools.gnu-tools-for-stm32.11.3.rel1.linux64_1.1.1.202309131626/tools/bin/../lib/gcc/arm-none-eabi/11.3.1/thumb/v7e-m+fp/hard/crti.o
 .ARM.attributes
                0x000000000000001e       0x34 /opt/st/stm32cubeide_1.13.2/plugins/com.st.stm32cube.ide.mcu.externaltools.gnu-tools-for-stm32.11.3.rel1.linux64_1.1.1.202309131626/tools/bin/../lib/gcc/arm-none-eabi/11.3.1/thumb/v7e-m+fp/hard/crtbegin.o
 .ARM.attributes
                0x0000000000000052       0x34 ./Core/Src/fatfs_sd.o
 .ARM.attributes
                0x0000000000000086       0x34 ./Core/Src/main.o
 .ARM.attributes
                0x00000000000000ba       0x34 ./Core/Src/stm32l4xx_hal_msp.o
 .ARM.attributes
                0x00000000000000ee       0x34 ./Core/Src/stm32l4xx_it.o
 .ARM.attributes
                0x0000000000000122       0x34 ./Core/Src/system_stm32l4xx.o
 .ARM.attributes
                0x0000000000000156       0x21 ./Core/Startup/startup_stm32l432kcux.o
 .ARM.attributes
                0x0000000000000177       0x34 ./Drivers/STM32L4xx_HAL_Driver/Src/stm32l4xx_hal.o
 .ARM.attributes
                0x00000000000001ab       0x34 ./Drivers/STM32L4xx_HAL_Driver/Src/stm32l4xx_hal_cortex.o
 .ARM.attributes
                0x00000000000001df       0x34 ./Drivers/STM32L4xx_HAL_Driver/Src/stm32l4xx_hal_gpio.o
 .ARM.attributes
                0x0000000000000213       0x34 ./Drivers/STM32L4xx_HAL_Driver/Src/stm32l4xx_hal_pwr.o
 .ARM.attributes
                0x0000000000000247       0x34 ./Drivers/STM32L4xx_HAL_Driver/Src/stm32l4xx_hal_pwr_ex.o
 .ARM.attributes
                0x000000000000027b       0x34 ./Drivers/STM32L4xx_HAL_Driver/Src/stm32l4xx_hal_rcc.o
 .ARM.attributes
                0x00000000000002af       0x34 ./Drivers/STM32L4xx_HAL_Driver/Src/stm32l4xx_hal_rcc_ex.o
 .ARM.attributes
                0x00000000000002e3       0x34 ./Drivers/STM32L4xx_HAL_Driver/Src/stm32l4xx_hal_spi.o
 .ARM.attributes
                0x0000000000000317       0x34 ./Drivers/STM32L4xx_HAL_Driver/Src/stm32l4xx_hal_uart.o
 .ARM.attributes
                0x000000000000034b       0x34 ./FATFS/App/fatfs.o
 .ARM.attributes
                0x000000000000037f       0x34 ./FATFS/Target/user_diskio.o
 .ARM.attributes
                0x00000000000003b3       0x34 ./Middlewares/Third_Party/FatFs/src/diskio.o
 .ARM.attributes
                0x00000000000003e7       0x34 ./Middlewares/Third_Party/FatFs/src/ff.o
 .ARM.attributes
                0x000000000000041b       0x34 ./Middlewares/Third_Party/FatFs/src/ff_gen_drv.o
 .ARM.attributes
                0x000000000000044f       0x34 /opt/st/stm32cubeide_1.13.2/plugins/com.st.stm32cube.ide.mcu.externaltools.gnu-tools-for-stm32.11.3.rel1.linux64_1.1.1.202309131626/tools/bin/../lib/gcc/arm-none-eabi/11.3.1/../../../../arm-none-eabi/lib/thumb/v7e-m+fp/hard/libc_nano.a(libc_a-memset.o)
 .ARM.attributes
                0x0000000000000483       0x34 /opt/st/stm32cubeide_1.13.2/plugins/com.st.stm32cube.ide.mcu.externaltools.gnu-tools-for-stm32.11.3.rel1.linux64_1.1.1.202309131626/tools/bin/../lib/gcc/arm-none-eabi/11.3.1/../../../../arm-none-eabi/lib/thumb/v7e-m+fp/hard/libc_nano.a(libc_a-init.o)
 .ARM.attributes
                0x00000000000004b7       0x17 /opt/st/stm32cubeide_1.13.2/plugins/com.st.stm32cube.ide.mcu.externaltools.gnu-tools-for-stm32.11.3.rel1.linux64_1.1.1.202309131626/tools/bin/../lib/gcc/arm-none-eabi/11.3.1/../../../../arm-none-eabi/lib/thumb/v7e-m+fp/hard/libc_nano.a(libc_a-strlen.o)
 .ARM.attributes
                0x00000000000004ce       0x1e /opt/st/stm32cubeide_1.13.2/plugins/com.st.stm32cube.ide.mcu.externaltools.gnu-tools-for-stm32.11.3.rel1.linux64_1.1.1.202309131626/tools/bin/../lib/gcc/arm-none-eabi/11.3.1/thumb/v7e-m+fp/hard/libgcc.a(_aeabi_uldivmod.o)
 .ARM.attributes
                0x00000000000004ec       0x34 /opt/st/stm32cubeide_1.13.2/plugins/com.st.stm32cube.ide.mcu.externaltools.gnu-tools-for-stm32.11.3.rel1.linux64_1.1.1.202309131626/tools/bin/../lib/gcc/arm-none-eabi/11.3.1/thumb/v7e-m+fp/hard/libgcc.a(_udivmoddi4.o)
 .ARM.attributes
                0x0000000000000520       0x1e /opt/st/stm32cubeide_1.13.2/plugins/com.st.stm32cube.ide.mcu.externaltools.gnu-tools-for-stm32.11.3.rel1.linux64_1.1.1.202309131626/tools/bin/../lib/gcc/arm-none-eabi/11.3.1/thumb/v7e-m+fp/hard/libgcc.a(_dvmd_tls.o)
 .ARM.attributes
                0x000000000000053e       0x1e /opt/st/stm32cubeide_1.13.2/plugins/com.st.stm32cube.ide.mcu.externaltools.gnu-tools-for-stm32.11.3.rel1.linux64_1.1.1.202309131626/tools/bin/../lib/gcc/arm-none-eabi/11.3.1/thumb/v7e-m+fp/hard/crtn.o
OUTPUT(test_sd_card.elf elf32-littlearm)
LOAD linker stubs
LOAD /opt/st/stm32cubeide_1.13.2/plugins/com.st.stm32cube.ide.mcu.externaltools.gnu-tools-for-stm32.11.3.rel1.linux64_1.1.1.202309131626/tools/bin/../lib/gcc/arm-none-eabi/11.3.1/../../../../arm-none-eabi/lib/thumb/v7e-m+fp/hard/libc.a
LOAD /opt/st/stm32cubeide_1.13.2/plugins/com.st.stm32cube.ide.mcu.externaltools.gnu-tools-for-stm32.11.3.rel1.linux64_1.1.1.202309131626/tools/bin/../lib/gcc/arm-none-eabi/11.3.1/../../../../arm-none-eabi/lib/thumb/v7e-m+fp/hard/libm.a
LOAD /opt/st/stm32cubeide_1.13.2/plugins/com.st.stm32cube.ide.mcu.externaltools.gnu-tools-for-stm32.11.3.rel1.linux64_1.1.1.202309131626/tools/bin/../lib/gcc/arm-none-eabi/11.3.1/thumb/v7e-m+fp/hard/libgcc.a

.comment        0x0000000000000000       0x43
 .comment       0x0000000000000000       0x43 /opt/st/stm32cubeide_1.13.2/plugins/com.st.stm32cube.ide.mcu.externaltools.gnu-tools-for-stm32.11.3.rel1.linux64_1.1.1.202309131626/tools/bin/../lib/gcc/arm-none-eabi/11.3.1/thumb/v7e-m+fp/hard/crtbegin.o
                                         0x44 (size before relaxing)
 .comment       0x0000000000000043       0x44 ./Core/Src/fatfs_sd.o
 .comment       0x0000000000000043       0x44 ./Core/Src/main.o
 .comment       0x0000000000000043       0x44 ./Core/Src/stm32l4xx_hal_msp.o
 .comment       0x0000000000000043       0x44 ./Core/Src/stm32l4xx_it.o
 .comment       0x0000000000000043       0x44 ./Core/Src/system_stm32l4xx.o
 .comment       0x0000000000000043       0x44 ./Drivers/STM32L4xx_HAL_Driver/Src/stm32l4xx_hal.o
 .comment       0x0000000000000043       0x44 ./Drivers/STM32L4xx_HAL_Driver/Src/stm32l4xx_hal_cortex.o
 .comment       0x0000000000000043       0x44 ./Drivers/STM32L4xx_HAL_Driver/Src/stm32l4xx_hal_gpio.o
 .comment       0x0000000000000043       0x44 ./Drivers/STM32L4xx_HAL_Driver/Src/stm32l4xx_hal_pwr.o
 .comment       0x0000000000000043       0x44 ./Drivers/STM32L4xx_HAL_Driver/Src/stm32l4xx_hal_pwr_ex.o
 .comment       0x0000000000000043       0x44 ./Drivers/STM32L4xx_HAL_Driver/Src/stm32l4xx_hal_rcc.o
 .comment       0x0000000000000043       0x44 ./Drivers/STM32L4xx_HAL_Driver/Src/stm32l4xx_hal_rcc_ex.o
 .comment       0x0000000000000043       0x44 ./Drivers/STM32L4xx_HAL_Driver/Src/stm32l4xx_hal_spi.o
 .comment       0x0000000000000043       0x44 ./Drivers/STM32L4xx_HAL_Driver/Src/stm32l4xx_hal_uart.o
 .comment       0x0000000000000043       0x44 ./FATFS/App/fatfs.o
 .comment       0x0000000000000043       0x44 ./FATFS/Target/user_diskio.o
 .comment       0x0000000000000043       0x44 ./Middlewares/Third_Party/FatFs/src/diskio.o
 .comment       0x0000000000000043       0x44 ./Middlewares/Third_Party/FatFs/src/ff.o
 .comment       0x0000000000000043       0x44 ./Middlewares/Third_Party/FatFs/src/ff_gen_drv.o

.debug_info     0x0000000000000000    0x10aa0
 .debug_info    0x0000000000000000      0xc07 ./Core/Src/fatfs_sd.o
 .debug_info    0x0000000000000c07     0x159b ./Core/Src/main.o
 .debug_info    0x00000000000021a2      0xf5d ./Core/Src/stm32l4xx_hal_msp.o
 .debug_info    0x00000000000030ff      0x173 ./Core/Src/stm32l4xx_it.o
 .debug_info    0x0000000000003272      0x5bf ./Core/Src/system_stm32l4xx.o
 .debug_info    0x0000000000003831       0x23 ./Core/Startup/startup_stm32l432kcux.o
 .debug_info    0x0000000000003854      0x99e ./Drivers/STM32L4xx_HAL_Driver/Src/stm32l4xx_hal.o
 .debug_info    0x00000000000041f2      0xcce ./Drivers/STM32L4xx_HAL_Driver/Src/stm32l4xx_hal_cortex.o
 .debug_info    0x0000000000004ec0      0x757 ./Drivers/STM32L4xx_HAL_Driver/Src/stm32l4xx_hal_gpio.o
 .debug_info    0x0000000000005617      0x92c ./Drivers/STM32L4xx_HAL_Driver/Src/stm32l4xx_hal_pwr.o
 .debug_info    0x0000000000005f43      0x920 ./Drivers/STM32L4xx_HAL_Driver/Src/stm32l4xx_hal_pwr_ex.o
 .debug_info    0x0000000000006863      0xbc3 ./Drivers/STM32L4xx_HAL_Driver/Src/stm32l4xx_hal_rcc.o
 .debug_info    0x0000000000007426      0xee5 ./Drivers/STM32L4xx_HAL_Driver/Src/stm32l4xx_hal_rcc_ex.o
 .debug_info    0x000000000000830b     0x161a ./Drivers/STM32L4xx_HAL_Driver/Src/stm32l4xx_hal_spi.o
 .debug_info    0x0000000000009925     0x3b77 ./Drivers/STM32L4xx_HAL_Driver/Src/stm32l4xx_hal_uart.o
 .debug_info    0x000000000000d49c      0x508 ./FATFS/App/fatfs.o
 .debug_info    0x000000000000d9a4      0x3af ./FATFS/Target/user_diskio.o
 .debug_info    0x000000000000dd53      0x3df ./Middlewares/Third_Party/FatFs/src/diskio.o
 .debug_info    0x000000000000e132     0x25ef ./Middlewares/Third_Party/FatFs/src/ff.o
 .debug_info    0x0000000000010721      0x37f ./Middlewares/Third_Party/FatFs/src/ff_gen_drv.o

.debug_abbrev   0x0000000000000000     0x27a6
 .debug_abbrev  0x0000000000000000      0x2da ./Core/Src/fatfs_sd.o
 .debug_abbrev  0x00000000000002da      0x344 ./Core/Src/main.o
 .debug_abbrev  0x000000000000061e      0x1d3 ./Core/Src/stm32l4xx_hal_msp.o
 .debug_abbrev  0x00000000000007f1       0x9d ./Core/Src/stm32l4xx_it.o
 .debug_abbrev  0x000000000000088e      0x11a ./Core/Src/system_stm32l4xx.o
 .debug_abbrev  0x00000000000009a8       0x12 ./Core/Startup/startup_stm32l432kcux.o
 .debug_abbrev  0x00000000000009ba      0x225 ./Drivers/STM32L4xx_HAL_Driver/Src/stm32l4xx_hal.o
 .debug_abbrev  0x0000000000000bdf      0x327 ./Drivers/STM32L4xx_HAL_Driver/Src/stm32l4xx_hal_cortex.o
 .debug_abbrev  0x0000000000000f06      0x1cb ./Drivers/STM32L4xx_HAL_Driver/Src/stm32l4xx_hal_gpio.o
 .debug_abbrev  0x00000000000010d1      0x1d4 ./Drivers/STM32L4xx_HAL_Driver/Src/stm32l4xx_hal_pwr.o
 .debug_abbrev  0x00000000000012a5      0x1f9 ./Drivers/STM32L4xx_HAL_Driver/Src/stm32l4xx_hal_pwr_ex.o
 .debug_abbrev  0x000000000000149e      0x2cb ./Drivers/STM32L4xx_HAL_Driver/Src/stm32l4xx_hal_rcc.o
 .debug_abbrev  0x0000000000001769      0x2a1 ./Drivers/STM32L4xx_HAL_Driver/Src/stm32l4xx_hal_rcc_ex.o
 .debug_abbrev  0x0000000000001a0a      0x26a ./Drivers/STM32L4xx_HAL_Driver/Src/stm32l4xx_hal_spi.o
 .debug_abbrev  0x0000000000001c74      0x2d0 ./Drivers/STM32L4xx_HAL_Driver/Src/stm32l4xx_hal_uart.o
 .debug_abbrev  0x0000000000001f44      0x15e ./FATFS/App/fatfs.o
 .debug_abbrev  0x00000000000020a2      0x15a ./FATFS/Target/user_diskio.o
 .debug_abbrev  0x00000000000021fc      0x181 ./Middlewares/Third_Party/FatFs/src/diskio.o
 .debug_abbrev  0x000000000000237d      0x28a ./Middlewares/Third_Party/FatFs/src/ff.o
 .debug_abbrev  0x0000000000002607      0x19f ./Middlewares/Third_Party/FatFs/src/ff_gen_drv.o

.debug_aranges  0x0000000000000000      0xed8
 .debug_aranges
                0x0000000000000000       0xa8 ./Core/Src/fatfs_sd.o
 .debug_aranges
                0x00000000000000a8       0x60 ./Core/Src/main.o
 .debug_aranges
                0x0000000000000108       0x40 ./Core/Src/stm32l4xx_hal_msp.o
 .debug_aranges
                0x0000000000000148       0x68 ./Core/Src/stm32l4xx_it.o
 .debug_aranges
                0x00000000000001b0       0x28 ./Core/Src/system_stm32l4xx.o
 .debug_aranges
                0x00000000000001d8       0x28 ./Core/Startup/startup_stm32l432kcux.o
 .debug_aranges
                0x0000000000000200      0x108 ./Drivers/STM32L4xx_HAL_Driver/Src/stm32l4xx_hal.o
 .debug_aranges
                0x0000000000000308      0x118 ./Drivers/STM32L4xx_HAL_Driver/Src/stm32l4xx_hal_cortex.o
 .debug_aranges
                0x0000000000000420       0x58 ./Drivers/STM32L4xx_HAL_Driver/Src/stm32l4xx_hal_gpio.o
 .debug_aranges
                0x0000000000000478       0x98 ./Drivers/STM32L4xx_HAL_Driver/Src/stm32l4xx_hal_pwr.o
 .debug_aranges
                0x0000000000000510      0x128 ./Drivers/STM32L4xx_HAL_Driver/Src/stm32l4xx_hal_pwr_ex.o
 .debug_aranges
                0x0000000000000638       0x90 ./Drivers/STM32L4xx_HAL_Driver/Src/stm32l4xx_hal_rcc.o
 .debug_aranges
                0x00000000000006c8       0xf0 ./Drivers/STM32L4xx_HAL_Driver/Src/stm32l4xx_hal_rcc_ex.o
 .debug_aranges
                0x00000000000007b8      0x1d8 ./Drivers/STM32L4xx_HAL_Driver/Src/stm32l4xx_hal_spi.o
 .debug_aranges
                0x0000000000000990      0x228 ./Drivers/STM32L4xx_HAL_Driver/Src/stm32l4xx_hal_uart.o
 .debug_aranges
                0x0000000000000bb8       0x28 ./FATFS/App/fatfs.o
 .debug_aranges
                0x0000000000000be0       0x40 ./FATFS/Target/user_diskio.o
 .debug_aranges
                0x0000000000000c20       0x48 ./Middlewares/Third_Party/FatFs/src/diskio.o
 .debug_aranges
                0x0000000000000c68      0x230 ./Middlewares/Third_Party/FatFs/src/ff.o
 .debug_aranges
                0x0000000000000e98       0x40 ./Middlewares/Third_Party/FatFs/src/ff_gen_drv.o

.debug_rnglists
                0x0000000000000000      0xb6a
 .debug_rnglists
                0x0000000000000000       0x80 ./Core/Src/fatfs_sd.o
 .debug_rnglists
                0x0000000000000080       0x45 ./Core/Src/main.o
 .debug_rnglists
                0x00000000000000c5       0x2d ./Core/Src/stm32l4xx_hal_msp.o
 .debug_rnglists
                0x00000000000000f2       0x49 ./Core/Src/stm32l4xx_it.o
 .debug_rnglists
                0x000000000000013b       0x1a ./Core/Src/system_stm32l4xx.o
 .debug_rnglists
                0x0000000000000155       0x19 ./Core/Startup/startup_stm32l432kcux.o
 .debug_rnglists
                0x000000000000016e       0xc1 ./Drivers/STM32L4xx_HAL_Driver/Src/stm32l4xx_hal.o
 .debug_rnglists
                0x000000000000022f       0xce ./Drivers/STM32L4xx_HAL_Driver/Src/stm32l4xx_hal_cortex.o
 .debug_rnglists
                0x00000000000002fd       0x3f ./Drivers/STM32L4xx_HAL_Driver/Src/stm32l4xx_hal_gpio.o
 .debug_rnglists
                0x000000000000033c       0x6e ./Drivers/STM32L4xx_HAL_Driver/Src/stm32l4xx_hal_pwr.o
 .debug_rnglists
                0x00000000000003aa       0xdf ./Drivers/STM32L4xx_HAL_Driver/Src/stm32l4xx_hal_pwr_ex.o
 .debug_rnglists
                0x0000000000000489       0x6d ./Drivers/STM32L4xx_HAL_Driver/Src/stm32l4xx_hal_rcc.o
 .debug_rnglists
                0x00000000000004f6       0xba ./Drivers/STM32L4xx_HAL_Driver/Src/stm32l4xx_hal_rcc_ex.o
 .debug_rnglists
                0x00000000000005b0      0x178 ./Drivers/STM32L4xx_HAL_Driver/Src/stm32l4xx_hal_spi.o
 .debug_rnglists
                0x0000000000000728      0x1db ./Drivers/STM32L4xx_HAL_Driver/Src/stm32l4xx_hal_uart.o
 .debug_rnglists
                0x0000000000000903       0x19 ./FATFS/App/fatfs.o
 .debug_rnglists
                0x000000000000091c       0x2b ./FATFS/Target/user_diskio.o
 .debug_rnglists
                0x0000000000000947       0x31 ./Middlewares/Third_Party/FatFs/src/diskio.o
 .debug_rnglists
                0x0000000000000978      0x1c6 ./Middlewares/Third_Party/FatFs/src/ff.o
 .debug_rnglists
                0x0000000000000b3e       0x2c ./Middlewares/Third_Party/FatFs/src/ff_gen_drv.o

.debug_macro    0x0000000000000000    0x21861
 .debug_macro   0x0000000000000000      0x210 ./Core/Src/fatfs_sd.o
 .debug_macro   0x0000000000000210      0xaa8 ./Core/Src/fatfs_sd.o
 .debug_macro   0x0000000000000cb8      0x1a7 ./Core/Src/fatfs_sd.o
 .debug_macro   0x0000000000000e5f       0x2e ./Core/Src/fatfs_sd.o
 .debug_macro   0x0000000000000e8d       0x28 ./Core/Src/fatfs_sd.o
 .debug_macro   0x0000000000000eb5       0x22 ./Core/Src/fatfs_sd.o
 .debug_macro   0x0000000000000ed7       0x8e ./Core/Src/fatfs_sd.o
 .debug_macro   0x0000000000000f65       0x51 ./Core/Src/fatfs_sd.o
 .debug_macro   0x0000000000000fb6      0x103 ./Core/Src/fatfs_sd.o
 .debug_macro   0x00000000000010b9       0x6a ./Core/Src/fatfs_sd.o
 .debug_macro   0x0000000000001123      0x1df ./Core/Src/fatfs_sd.o
 .debug_macro   0x0000000000001302       0x1c ./Core/Src/fatfs_sd.o
 .debug_macro   0x000000000000131e       0x22 ./Core/Src/fatfs_sd.o
 .debug_macro   0x0000000000001340       0xfb ./Core/Src/fatfs_sd.o
 .debug_macro   0x000000000000143b     0x1011 ./Core/Src/fatfs_sd.o
 .debug_macro   0x000000000000244c      0x11f ./Core/Src/fatfs_sd.o
 .debug_macro   0x000000000000256b    0x147a6 ./Core/Src/fatfs_sd.o
 .debug_macro   0x0000000000016d11       0x6d ./Core/Src/fatfs_sd.o
 .debug_macro   0x0000000000016d7e     0x38e6 ./Core/Src/fatfs_sd.o
 .debug_macro   0x000000000001a664      0x174 ./Core/Src/fatfs_sd.o
 .debug_macro   0x000000000001a7d8       0x5c ./Core/Src/fatfs_sd.o
 .debug_macro   0x000000000001a834     0x11ca ./Core/Src/fatfs_sd.o
 .debug_macro   0x000000000001b9fe      0x53c ./Core/Src/fatfs_sd.o
 .debug_macro   0x000000000001bf3a      0x1b9 ./Core/Src/fatfs_sd.o
 .debug_macro   0x000000000001c0f3      0x122 ./Core/Src/fatfs_sd.o
 .debug_macro   0x000000000001c215      0x26b ./Core/Src/fatfs_sd.o
 .debug_macro   0x000000000001c480      0x23d ./Core/Src/fatfs_sd.o
 .debug_macro   0x000000000001c6bd      0x241 ./Core/Src/fatfs_sd.o
 .debug_macro   0x000000000001c8fe      0x375 ./Core/Src/fatfs_sd.o
 .debug_macro   0x000000000001cc73       0xd6 ./Core/Src/fatfs_sd.o
 .debug_macro   0x000000000001cd49      0x122 ./Core/Src/fatfs_sd.o
 .debug_macro   0x000000000001ce6b      0x356 ./Core/Src/fatfs_sd.o
 .debug_macro   0x000000000001d1c1      0x2fe ./Core/Src/fatfs_sd.o
 .debug_macro   0x000000000001d4bf      0x5cf ./Core/Src/fatfs_sd.o
 .debug_macro   0x000000000001da8e       0x44 ./Core/Src/fatfs_sd.o
 .debug_macro   0x000000000001dad2      0x220 ./Core/Src/fatfs_sd.o
 .debug_macro   0x000000000001dcf2       0x16 ./Core/Src/fatfs_sd.o
 .debug_macro   0x000000000001dd08       0x7c ./Core/Src/fatfs_sd.o
 .debug_macro   0x000000000001dd84       0x88 ./Core/Src/fatfs_sd.o
 .debug_macro   0x000000000001de0c      0x35d ./Core/Src/main.o
 .debug_macro   0x000000000001e169       0xeb ./Core/Src/main.o
 .debug_macro   0x000000000001e254       0x2a ./Core/Src/main.o
 .debug_macro   0x000000000001e27e       0x61 ./Core/Src/main.o
 .debug_macro   0x000000000001e2df       0x43 ./Core/Src/main.o
 .debug_macro   0x000000000001e322       0x34 ./Core/Src/main.o
 .debug_macro   0x000000000001e356       0x16 ./Core/Src/main.o
 .debug_macro   0x000000000001e36c       0x35 ./Core/Src/main.o
 .debug_macro   0x000000000001e3a1       0x16 ./Core/Src/main.o
 .debug_macro   0x000000000001e3b7       0x43 ./Core/Src/main.o
 .debug_macro   0x000000000001e3fa       0x34 ./Core/Src/main.o
 .debug_macro   0x000000000001e42e       0x10 ./Core/Src/main.o
 .debug_macro   0x000000000001e43e       0x58 ./Core/Src/main.o
 .debug_macro   0x000000000001e496       0x8e ./Core/Src/main.o
 .debug_macro   0x000000000001e524       0x1c ./Core/Src/main.o
 .debug_macro   0x000000000001e540      0x177 ./Core/Src/main.o
 .debug_macro   0x000000000001e6b7      0x369 ./Core/Src/main.o
 .debug_macro   0x000000000001ea20       0x16 ./Core/Src/main.o
 .debug_macro   0x000000000001ea36       0x29 ./Core/Src/main.o
 .debug_macro   0x000000000001ea5f       0x12 ./Core/Src/main.o
 .debug_macro   0x000000000001ea71       0xe2 ./Core/Src/main.o
 .debug_macro   0x000000000001eb53       0x8e ./Core/Src/main.o
 .debug_macro   0x000000000001ebe1       0x16 ./Core/Src/main.o
 .debug_macro   0x000000000001ebf7       0x20 ./Core/Src/main.o
 .debug_macro   0x000000000001ec17       0x1c ./Core/Src/main.o
 .debug_macro   0x000000000001ec33       0x10 ./Core/Src/main.o
 .debug_macro   0x000000000001ec43       0x1c ./Core/Src/main.o
 .debug_macro   0x000000000001ec5f       0x16 ./Core/Src/main.o
 .debug_macro   0x000000000001ec75      0x147 ./Core/Src/main.o
 .debug_macro   0x000000000001edbc      0x1cb ./Core/Src/stm32l4xx_hal_msp.o
 .debug_macro   0x000000000001ef87      0x1d5 ./Core/Src/stm32l4xx_it.o
 .debug_macro   0x000000000001f15c      0x1c1 ./Core/Src/system_stm32l4xx.o
 .debug_macro   0x000000000001f31d      0x209 ./Drivers/STM32L4xx_HAL_Driver/Src/stm32l4xx_hal.o
 .debug_macro   0x000000000001f526      0x1c1 ./Drivers/STM32L4xx_HAL_Driver/Src/stm32l4xx_hal_cortex.o
 .debug_macro   0x000000000001f6e7      0x1c8 ./Drivers/STM32L4xx_HAL_Driver/Src/stm32l4xx_hal_gpio.o
 .debug_macro   0x000000000001f8af      0x1d9 ./Drivers/STM32L4xx_HAL_Driver/Src/stm32l4xx_hal_pwr.o
 .debug_macro   0x000000000001fa88      0x1e5 ./Drivers/STM32L4xx_HAL_Driver/Src/stm32l4xx_hal_pwr_ex.o
 .debug_macro   0x000000000001fc6d      0x203 ./Drivers/STM32L4xx_HAL_Driver/Src/stm32l4xx_hal_rcc.o
 .debug_macro   0x000000000001fe70      0x1f7 ./Drivers/STM32L4xx_HAL_Driver/Src/stm32l4xx_hal_rcc_ex.o
 .debug_macro   0x0000000000020067      0x1c9 ./Drivers/STM32L4xx_HAL_Driver/Src/stm32l4xx_hal_spi.o
 .debug_macro   0x0000000000020230      0x1ec ./Drivers/STM32L4xx_HAL_Driver/Src/stm32l4xx_hal_uart.o
 .debug_macro   0x000000000002041c      0x2f0 ./FATFS/App/fatfs.o
 .debug_macro   0x000000000002070c       0xe5 ./FATFS/App/fatfs.o
 .debug_macro   0x00000000000207f1      0x30d ./FATFS/Target/user_diskio.o
 .debug_macro   0x0000000000020afe       0x10 ./FATFS/Target/user_diskio.o
 .debug_macro   0x0000000000020b0e       0x56 ./FATFS/Target/user_diskio.o
 .debug_macro   0x0000000000020b64      0x2dd ./Middlewares/Third_Party/FatFs/src/diskio.o
 .debug_macro   0x0000000000020e41      0x6eb ./Middlewares/Third_Party/FatFs/src/ff.o
 .debug_macro   0x000000000002152c       0x58 ./Middlewares/Third_Party/FatFs/src/ff.o
 .debug_macro   0x0000000000021584      0x2dd ./Middlewares/Third_Party/FatFs/src/ff_gen_drv.o

.debug_line     0x0000000000000000    0x1345a
 .debug_line    0x0000000000000000      0xdaa ./Core/Src/fatfs_sd.o
 .debug_line    0x0000000000000daa      0xad4 ./Core/Src/main.o
 .debug_line    0x000000000000187e      0x739 ./Core/Src/stm32l4xx_hal_msp.o
 .debug_line    0x0000000000001fb7      0x782 ./Core/Src/stm32l4xx_it.o
 .debug_line    0x0000000000002739      0x724 ./Core/Src/system_stm32l4xx.o
 .debug_line    0x0000000000002e5d       0x7a ./Core/Startup/startup_stm32l432kcux.o
 .debug_line    0x0000000000002ed7      0x9e9 ./Drivers/STM32L4xx_HAL_Driver/Src/stm32l4xx_hal.o
 .debug_line    0x00000000000038c0      0xc23 ./Drivers/STM32L4xx_HAL_Driver/Src/stm32l4xx_hal_cortex.o
 .debug_line    0x00000000000044e3      0xa73 ./Drivers/STM32L4xx_HAL_Driver/Src/stm32l4xx_hal_gpio.o
 .debug_line    0x0000000000004f56      0x859 ./Drivers/STM32L4xx_HAL_Driver/Src/stm32l4xx_hal_pwr.o
 .debug_line    0x00000000000057af      0xb7b ./Drivers/STM32L4xx_HAL_Driver/Src/stm32l4xx_hal_pwr_ex.o
 .debug_line    0x000000000000632a      0xf31 ./Drivers/STM32L4xx_HAL_Driver/Src/stm32l4xx_hal_rcc.o
 .debug_line    0x000000000000725b     0x1274 ./Drivers/STM32L4xx_HAL_Driver/Src/stm32l4xx_hal_rcc_ex.o
 .debug_line    0x00000000000084cf     0x1ee9 ./Drivers/STM32L4xx_HAL_Driver/Src/stm32l4xx_hal_spi.o
 .debug_line    0x000000000000a3b8     0x30ef ./Drivers/STM32L4xx_HAL_Driver/Src/stm32l4xx_hal_uart.o
 .debug_line    0x000000000000d4a7      0x86b ./FATFS/App/fatfs.o
 .debug_line    0x000000000000dd12      0x8c1 ./FATFS/Target/user_diskio.o
 .debug_line    0x000000000000e5d3      0x8da ./Middlewares/Third_Party/FatFs/src/diskio.o
 .debug_line    0x000000000000eead     0x3cb5 ./Middlewares/Third_Party/FatFs/src/ff.o
 .debug_line    0x0000000000012b62      0x8f8 ./Middlewares/Third_Party/FatFs/src/ff_gen_drv.o

.debug_str      0x0000000000000000    0xc2a8d
 .debug_str     0x0000000000000000    0xba40b ./Core/Src/fatfs_sd.o
                                      0xba753 (size before relaxing)
 .debug_str     0x00000000000ba40b     0x455e ./Core/Src/main.o
                                      0xbeafe (size before relaxing)
 .debug_str     0x00000000000be969      0x245 ./Core/Src/stm32l4xx_hal_msp.o
                                      0xba7da (size before relaxing)
 .debug_str     0x00000000000bebae       0xe2 ./Core/Src/stm32l4xx_it.o
                                      0xb9eb3 (size before relaxing)
 .debug_str     0x00000000000bec90       0xf2 ./Core/Src/system_stm32l4xx.o
                                      0xba00b (size before relaxing)
 .debug_str     0x00000000000bed82       0x34 ./Core/Startup/startup_stm32l432kcux.o
                                         0x5e (size before relaxing)
 .debug_str     0x00000000000bedb6      0x8f5 ./Drivers/STM32L4xx_HAL_Driver/Src/stm32l4xx_hal.o
                                      0xba998 (size before relaxing)
 .debug_str     0x00000000000bf6ab      0x344 ./Drivers/STM32L4xx_HAL_Driver/Src/stm32l4xx_hal_cortex.o
                                      0xba739 (size before relaxing)
 .debug_str     0x00000000000bf9ef      0x123 ./Drivers/STM32L4xx_HAL_Driver/Src/stm32l4xx_hal_gpio.o
                                      0xba17f (size before relaxing)
 .debug_str     0x00000000000bfb12      0x333 ./Drivers/STM32L4xx_HAL_Driver/Src/stm32l4xx_hal_pwr.o
                                      0xba355 (size before relaxing)
 .debug_str     0x00000000000bfe45      0x369 ./Drivers/STM32L4xx_HAL_Driver/Src/stm32l4xx_hal_pwr_ex.o
                                      0xba4b3 (size before relaxing)
 .debug_str     0x00000000000c01ae      0x38c ./Drivers/STM32L4xx_HAL_Driver/Src/stm32l4xx_hal_rcc.o
                                      0xba60b (size before relaxing)
 .debug_str     0x00000000000c053a      0x4f2 ./Drivers/STM32L4xx_HAL_Driver/Src/stm32l4xx_hal_rcc_ex.o
                                      0xba86b (size before relaxing)
 .debug_str     0x00000000000c0a2c      0x589 ./Drivers/STM32L4xx_HAL_Driver/Src/stm32l4xx_hal_spi.o
                                      0xba829 (size before relaxing)
 .debug_str     0x00000000000c0fb5      0x892 ./Drivers/STM32L4xx_HAL_Driver/Src/stm32l4xx_hal_uart.o
                                      0xbad63 (size before relaxing)
 .debug_str     0x00000000000c1847       0x74 ./FATFS/App/fatfs.o
                                      0xbd79e (size before relaxing)
 .debug_str     0x00000000000c18bb       0x5a ./FATFS/Target/user_diskio.o
                                      0xbd754 (size before relaxing)
 .debug_str     0x00000000000c1915       0x52 ./Middlewares/Third_Party/FatFs/src/diskio.o
                                      0xbd69a (size before relaxing)
 .debug_str     0x00000000000c1967     0x1095 ./Middlewares/Third_Party/FatFs/src/ff.o
                                      0xbe9a1 (size before relaxing)
 .debug_str     0x00000000000c29fc       0x91 ./Middlewares/Third_Party/FatFs/src/ff_gen_drv.o
                                      0xbd6eb (size before relaxing)

.debug_frame    0x0000000000000000     0x3c5c
 .debug_frame   0x0000000000000000      0x28c ./Core/Src/fatfs_sd.o
 .debug_frame   0x000000000000028c      0x138 ./Core/Src/main.o
 .debug_frame   0x00000000000003c4       0xcc ./Core/Src/stm32l4xx_hal_msp.o
 .debug_frame   0x0000000000000490      0x124 ./Core/Src/stm32l4xx_it.o
 .debug_frame   0x00000000000005b4       0x58 ./Core/Src/system_stm32l4xx.o
 .debug_frame   0x000000000000060c      0x3dc ./Drivers/STM32L4xx_HAL_Driver/Src/stm32l4xx_hal.o
 .debug_frame   0x00000000000009e8      0x498 ./Drivers/STM32L4xx_HAL_Driver/Src/stm32l4xx_hal_cortex.o
 .debug_frame   0x0000000000000e80      0x14c ./Drivers/STM32L4xx_HAL_Driver/Src/stm32l4xx_hal_gpio.o
 .debug_frame   0x0000000000000fcc      0x230 ./Drivers/STM32L4xx_HAL_Driver/Src/stm32l4xx_hal_pwr.o
 .debug_frame   0x00000000000011fc      0x4a4 ./Drivers/STM32L4xx_HAL_Driver/Src/stm32l4xx_hal_pwr_ex.o
 .debug_frame   0x00000000000016a0      0x21c ./Drivers/STM32L4xx_HAL_Driver/Src/stm32l4xx_hal_rcc.o
 .debug_frame   0x00000000000018bc      0x3d0 ./Drivers/STM32L4xx_HAL_Driver/Src/stm32l4xx_hal_rcc_ex.o
 .debug_frame   0x0000000000001c8c      0x860 ./Drivers/STM32L4xx_HAL_Driver/Src/stm32l4xx_hal_spi.o
 .debug_frame   0x00000000000024ec      0x9f4 ./Drivers/STM32L4xx_HAL_Driver/Src/stm32l4xx_hal_uart.o
 .debug_frame   0x0000000000002ee0       0x4c ./FATFS/App/fatfs.o
 .debug_frame   0x0000000000002f2c       0xc4 ./FATFS/Target/user_diskio.o
 .debug_frame   0x0000000000002ff0       0xec ./Middlewares/Third_Party/FatFs/src/diskio.o
 .debug_frame   0x00000000000030dc      0xa0c ./Middlewares/Third_Party/FatFs/src/ff.o
 .debug_frame   0x0000000000003ae8       0xc8 ./Middlewares/Third_Party/FatFs/src/ff_gen_drv.o
 .debug_frame   0x0000000000003bb0       0x20 /opt/st/stm32cubeide_1.13.2/plugins/com.st.stm32cube.ide.mcu.externaltools.gnu-tools-for-stm32.11.3.rel1.linux64_1.1.1.202309131626/tools/bin/../lib/gcc/arm-none-eabi/11.3.1/../../../../arm-none-eabi/lib/thumb/v7e-m+fp/hard/libc_nano.a(libc_a-memset.o)
 .debug_frame   0x0000000000003bd0       0x2c /opt/st/stm32cubeide_1.13.2/plugins/com.st.stm32cube.ide.mcu.externaltools.gnu-tools-for-stm32.11.3.rel1.linux64_1.1.1.202309131626/tools/bin/../lib/gcc/arm-none-eabi/11.3.1/../../../../arm-none-eabi/lib/thumb/v7e-m+fp/hard/libc_nano.a(libc_a-init.o)
 .debug_frame   0x0000000000003bfc       0x2c /opt/st/stm32cubeide_1.13.2/plugins/com.st.stm32cube.ide.mcu.externaltools.gnu-tools-for-stm32.11.3.rel1.linux64_1.1.1.202309131626/tools/bin/../lib/gcc/arm-none-eabi/11.3.1/thumb/v7e-m+fp/hard/libgcc.a(_aeabi_uldivmod.o)
 .debug_frame   0x0000000000003c28       0x34 /opt/st/stm32cubeide_1.13.2/plugins/com.st.stm32cube.ide.mcu.externaltools.gnu-tools-for-stm32.11.3.rel1.linux64_1.1.1.202309131626/tools/bin/../lib/gcc/arm-none-eabi/11.3.1/thumb/v7e-m+fp/hard/libgcc.a(_udivmoddi4.o)

.debug_line_str
                0x0000000000000000       0x52
 .debug_line_str
                0x0000000000000000       0x52 ./Core/Startup/startup_stm32l432kcux.o
                                         0x6a (size before relaxing)
